// Jest Snapshot v1, https://goo.gl/fbAQLP

exports[`Given a PageNotFound Page When it's instantiated Then it should render an image and a button 1`] = `[Function]`;
